/opt/homebrew/bin/verilator --lint-only -Wall --timing --assert --timescale 1ns/1ps -j 4 lint_waivers.vlt --top-module csr_regs ../../rtl/apex_pkg.sv ../../rtl/csr/csr_regs.sv
- V e r i l a t i o n   R e p o r t: Verilator 5.044 2026-01-01 rev vUNKNOWN-built20260101
- Verilator: Built from 0.062 MB sources in 3 modules, into 0.051 MB in 3 C++ files needing 0.000 MB
- Verilator: Walltime 0.025 s (elab=0.004, cvt=0.009, bld=0.000); cpu 0.013 s on 4 threads; alloced 9.625 MB
LINT CLEAN (-Wall, waivers scoped to frozen apex_pkg.sv only)
mkdir -p build
/Users/nabilabdelazizferhattaleb/.pyenv/versions/3.11.5/bin/python gen_csr_vectors.py | tee build/vectors.log
directed: 273 records -> build/vectors_directed.txt
random: 3793 records -> build/vectors_random.txt
sat: 29 records -> build/vectors_sat.txt
mkdir -p build/obj_w32
/opt/homebrew/bin/verilator --binary -Wall --timing --assert --timescale 1ns/1ps -j 4 lint_waivers.vlt --top-module tb_csr_sb \
	    -Mdir build/obj_w32 ../../rtl/apex_pkg.sv ../../rtl/csr/csr_regs.sv tb_csr_sb.sv
c++ -Os  -I.  -MMD -I/opt/homebrew/Cellar/verilator/5.044/share/verilator/include -I/opt/homebrew/Cellar/verilator/5.044/share/verilator/include/vltstd -DVERILATOR=1 -DVM_COVERAGE=0 -DVM_SC=0 -DVM_TIMING=1 -DVM_TRACE=0 -DVM_TRACE_FST=0 -DVM_TRACE_VCD=0 -DVM_TRACE_SAIF=0 -faligned-new -fbracket-depth=4096 -fcf-protection=none -Xclang -fno-pch-timestamp -Qunused-arguments -Wno-bool-operation -Wno-c++11-narrowing -Wno-constant-logical-operand -Wno-int-in-bool-context -Wno-non-pod-varargs -Wno-parentheses-equality -Wno-shadow -Wno-sign-compare -Wno-tautological-bitwise-compare -Wno-tautological-compare -Wno-uninitialized -Wno-unused-but-set-parameter -Wno-unused-but-set-variable -Wno-unused-parameter -Wno-unused-variable -Wno-vla-cxx-extension    -DVL_TIME_CONTEXT   -std=gnu++20 -c -o verilated.o /opt/homebrew/Cellar/verilator/5.044/share/verilator/include/verilated.cpp
c++ -Os  -I.  -MMD -I/opt/homebrew/Cellar/verilator/5.044/share/verilator/include -I/opt/homebrew/Cellar/verilator/5.044/share/verilator/include/vltstd -DVERILATOR=1 -DVM_COVERAGE=0 -DVM_SC=0 -DVM_TIMING=1 -DVM_TRACE=0 -DVM_TRACE_FST=0 -DVM_TRACE_VCD=0 -DVM_TRACE_SAIF=0 -faligned-new -fbracket-depth=4096 -fcf-protection=none -Xclang -fno-pch-timestamp -Qunused-arguments -Wno-bool-operation -Wno-c++11-narrowing -Wno-constant-logical-operand -Wno-int-in-bool-context -Wno-non-pod-varargs -Wno-parentheses-equality -Wno-shadow -Wno-sign-compare -Wno-tautological-bitwise-compare -Wno-tautological-compare -Wno-uninitialized -Wno-unused-but-set-parameter -Wno-unused-but-set-variable -Wno-unused-parameter -Wno-unused-variable -Wno-vla-cxx-extension    -DVL_TIME_CONTEXT   -std=gnu++20 -c -o verilated_timing.o /opt/homebrew/Cellar/verilator/5.044/share/verilator/include/verilated_timing.cpp
c++ -Os  -I.  -MMD -I/opt/homebrew/Cellar/verilator/5.044/share/verilator/include -I/opt/homebrew/Cellar/verilator/5.044/share/verilator/include/vltstd -DVERILATOR=1 -DVM_COVERAGE=0 -DVM_SC=0 -DVM_TIMING=1 -DVM_TRACE=0 -DVM_TRACE_FST=0 -DVM_TRACE_VCD=0 -DVM_TRACE_SAIF=0 -faligned-new -fbracket-depth=4096 -fcf-protection=none -Xclang -fno-pch-timestamp -Qunused-arguments -Wno-bool-operation -Wno-c++11-narrowing -Wno-constant-logical-operand -Wno-int-in-bool-context -Wno-non-pod-varargs -Wno-parentheses-equality -Wno-shadow -Wno-sign-compare -Wno-tautological-bitwise-compare -Wno-tautological-compare -Wno-uninitialized -Wno-unused-but-set-parameter -Wno-unused-but-set-variable -Wno-unused-parameter -Wno-unused-variable -Wno-vla-cxx-extension    -DVL_TIME_CONTEXT   -std=gnu++20 -c -o verilated_threads.o /opt/homebrew/Cellar/verilator/5.044/share/verilator/include/verilated_threads.cpp
python3 /opt/homebrew/Cellar/verilator/5.044/share/verilator/bin/verilator_includer -DVL_INCLUDE_OPT=include Vtb_csr_sb.cpp Vtb_csr_sb___024root__0.cpp Vtb_csr_sb__main.cpp Vtb_csr_sb___024root__Slow.cpp Vtb_csr_sb___024root__0__Slow.cpp Vtb_csr_sb__Syms__Slow.cpp > Vtb_csr_sb__ALL.cpp
warning: unknown warning option '-Wno-vla-cxx-extension'; did you mean '-Wno-vla-extension'? [-Wunknown-warning-option]
warning: unknown warning option '-Wno-vla-cxx-extension'; did you mean '-Wno-vla-extension'? [-Wunknown-warning-option]
warning: unknown warning option '-Wno-vla-cxx-extension'; did you mean '-Wno-vla-extension'? [-Wunknown-warning-option]
c++ -Os  -I.  -MMD -I/opt/homebrew/Cellar/verilator/5.044/share/verilator/include -I/opt/homebrew/Cellar/verilator/5.044/share/verilator/include/vltstd -DVERILATOR=1 -DVM_COVERAGE=0 -DVM_SC=0 -DVM_TIMING=1 -DVM_TRACE=0 -DVM_TRACE_FST=0 -DVM_TRACE_VCD=0 -DVM_TRACE_SAIF=0 -faligned-new -fbracket-depth=4096 -fcf-protection=none -Xclang -fno-pch-timestamp -Qunused-arguments -Wno-bool-operation -Wno-c++11-narrowing -Wno-constant-logical-operand -Wno-int-in-bool-context -Wno-non-pod-varargs -Wno-parentheses-equality -Wno-shadow -Wno-sign-compare -Wno-tautological-bitwise-compare -Wno-tautological-compare -Wno-uninitialized -Wno-unused-but-set-parameter -Wno-unused-but-set-variable -Wno-unused-parameter -Wno-unused-variable -Wno-vla-cxx-extension    -DVL_TIME_CONTEXT   -std=gnu++20 -c -o Vtb_csr_sb__ALL.o Vtb_csr_sb__ALL.cpp
warning: unknown warning option '-Wno-vla-cxx-extension'; did you mean '-Wno-vla-extension'? [-Wunknown-warning-option]
1 warning generated.
1 warning generated.
1 warning generated.
1 warning generated.
c++  -Wl,-U,__Z15vl_time_stamp64v,-U,__Z13sc_time_stampv   verilated.o verilated_timing.o verilated_threads.o Vtb_csr_sb__ALL.a    -pthread -lpthread   -o Vtb_csr_sb
rm Vtb_csr_sb__ALL.verilator_deplist.tmp
- V e r i l a t i o n   R e p o r t: Verilator 5.044 2026-01-01 rev vUNKNOWN-built20260101
- Verilator: Built from 0.105 MB sources in 5 modules, into 0.294 MB in 6 C++ files needing 0.001 MB
- Verilator: Walltime 1.946 s (elab=0.002, cvt=0.017, bld=1.914); cpu 0.029 s on 4 threads; alloced 11.703 MB
mkdir -p build/obj_w8
/opt/homebrew/bin/verilator --binary -Wall --timing --assert --timescale 1ns/1ps -j 4 lint_waivers.vlt --top-module tb_csr_sb -GPERF_W=8 \
	    -Mdir build/obj_w8 ../../rtl/apex_pkg.sv ../../rtl/csr/csr_regs.sv tb_csr_sb.sv
c++ -Os  -I.  -MMD -I/opt/homebrew/Cellar/verilator/5.044/share/verilator/include -I/opt/homebrew/Cellar/verilator/5.044/share/verilator/include/vltstd -DVERILATOR=1 -DVM_COVERAGE=0 -DVM_SC=0 -DVM_TIMING=1 -DVM_TRACE=0 -DVM_TRACE_FST=0 -DVM_TRACE_VCD=0 -DVM_TRACE_SAIF=0 -faligned-new -fbracket-depth=4096 -fcf-protection=none -Xclang -fno-pch-timestamp -Qunused-arguments -Wno-bool-operation -Wno-c++11-narrowing -Wno-constant-logical-operand -Wno-int-in-bool-context -Wno-non-pod-varargs -Wno-parentheses-equality -Wno-shadow -Wno-sign-compare -Wno-tautological-bitwise-compare -Wno-tautological-compare -Wno-uninitialized -Wno-unused-but-set-parameter -Wno-unused-but-set-variable -Wno-unused-parameter -Wno-unused-variable -Wno-vla-cxx-extension    -DVL_TIME_CONTEXT   -std=gnu++20 -c -o verilated.o /opt/homebrew/Cellar/verilator/5.044/share/verilator/include/verilated.cpp
c++ -Os  -I.  -MMD -I/opt/homebrew/Cellar/verilator/5.044/share/verilator/include -I/opt/homebrew/Cellar/verilator/5.044/share/verilator/include/vltstd -DVERILATOR=1 -DVM_COVERAGE=0 -DVM_SC=0 -DVM_TIMING=1 -DVM_TRACE=0 -DVM_TRACE_FST=0 -DVM_TRACE_VCD=0 -DVM_TRACE_SAIF=0 -faligned-new -fbracket-depth=4096 -fcf-protection=none -Xclang -fno-pch-timestamp -Qunused-arguments -Wno-bool-operation -Wno-c++11-narrowing -Wno-constant-logical-operand -Wno-int-in-bool-context -Wno-non-pod-varargs -Wno-parentheses-equality -Wno-shadow -Wno-sign-compare -Wno-tautological-bitwise-compare -Wno-tautological-compare -Wno-uninitialized -Wno-unused-but-set-parameter -Wno-unused-but-set-variable -Wno-unused-parameter -Wno-unused-variable -Wno-vla-cxx-extension    -DVL_TIME_CONTEXT   -std=gnu++20 -c -o verilated_timing.o /opt/homebrew/Cellar/verilator/5.044/share/verilator/include/verilated_timing.cpp
c++ -Os  -I.  -MMD -I/opt/homebrew/Cellar/verilator/5.044/share/verilator/include -I/opt/homebrew/Cellar/verilator/5.044/share/verilator/include/vltstd -DVERILATOR=1 -DVM_COVERAGE=0 -DVM_SC=0 -DVM_TIMING=1 -DVM_TRACE=0 -DVM_TRACE_FST=0 -DVM_TRACE_VCD=0 -DVM_TRACE_SAIF=0 -faligned-new -fbracket-depth=4096 -fcf-protection=none -Xclang -fno-pch-timestamp -Qunused-arguments -Wno-bool-operation -Wno-c++11-narrowing -Wno-constant-logical-operand -Wno-int-in-bool-context -Wno-non-pod-varargs -Wno-parentheses-equality -Wno-shadow -Wno-sign-compare -Wno-tautological-bitwise-compare -Wno-tautological-compare -Wno-uninitialized -Wno-unused-but-set-parameter -Wno-unused-but-set-variable -Wno-unused-parameter -Wno-unused-variable -Wno-vla-cxx-extension    -DVL_TIME_CONTEXT   -std=gnu++20 -c -o verilated_threads.o /opt/homebrew/Cellar/verilator/5.044/share/verilator/include/verilated_threads.cpp
python3 /opt/homebrew/Cellar/verilator/5.044/share/verilator/bin/verilator_includer -DVL_INCLUDE_OPT=include Vtb_csr_sb.cpp Vtb_csr_sb___024root__0.cpp Vtb_csr_sb__main.cpp Vtb_csr_sb___024root__Slow.cpp Vtb_csr_sb___024root__0__Slow.cpp Vtb_csr_sb__Syms__Slow.cpp > Vtb_csr_sb__ALL.cpp
warning: unknown warning option '-Wno-vla-cxx-extension'; did you mean '-Wno-vla-extension'? [-Wunknown-warning-option]
warning: unknown warning option '-Wno-vla-cxx-extension'; did you mean '-Wno-vla-extension'? [-Wunknown-warning-option]
warning: unknown warning option '-Wno-vla-cxx-extension'; did you mean '-Wno-vla-extension'? [-Wunknown-warning-option]
c++ -Os  -I.  -MMD -I/opt/homebrew/Cellar/verilator/5.044/share/verilator/include -I/opt/homebrew/Cellar/verilator/5.044/share/verilator/include/vltstd -DVERILATOR=1 -DVM_COVERAGE=0 -DVM_SC=0 -DVM_TIMING=1 -DVM_TRACE=0 -DVM_TRACE_FST=0 -DVM_TRACE_VCD=0 -DVM_TRACE_SAIF=0 -faligned-new -fbracket-depth=4096 -fcf-protection=none -Xclang -fno-pch-timestamp -Qunused-arguments -Wno-bool-operation -Wno-c++11-narrowing -Wno-constant-logical-operand -Wno-int-in-bool-context -Wno-non-pod-varargs -Wno-parentheses-equality -Wno-shadow -Wno-sign-compare -Wno-tautological-bitwise-compare -Wno-tautological-compare -Wno-uninitialized -Wno-unused-but-set-parameter -Wno-unused-but-set-variable -Wno-unused-parameter -Wno-unused-variable -Wno-vla-cxx-extension    -DVL_TIME_CONTEXT   -std=gnu++20 -c -o Vtb_csr_sb__ALL.o Vtb_csr_sb__ALL.cpp
warning: unknown warning option '-Wno-vla-cxx-extension'; did you mean '-Wno-vla-extension'? [-Wunknown-warning-option]
1 warning generated.
1 warning generated.
1 warning generated.
1 warning generated.
c++  -Wl,-U,__Z15vl_time_stamp64v,-U,__Z13sc_time_stampv   verilated.o verilated_timing.o verilated_threads.o Vtb_csr_sb__ALL.a    -pthread -lpthread   -o Vtb_csr_sb
rm Vtb_csr_sb__ALL.verilator_deplist.tmp
- V e r i l a t i o n   R e p o r t: Verilator 5.044 2026-01-01 rev vUNKNOWN-built20260101
- Verilator: Built from 0.105 MB sources in 5 modules, into 0.295 MB in 6 C++ files needing 0.001 MB
- Verilator: Walltime 1.654 s (elab=0.002, cvt=0.017, bld=1.627); cpu 0.028 s on 4 threads; alloced 11.484 MB
set -o pipefail; build/obj_w32/Vtb_csr_sb +vectors=build/vectors_directed.txt +seed=201 \
	    | tee build/run_directed.log
[TB] PERF_W=32 vectors=build/vectors_directed.txt seed=201
COV rd_00 10
COV wr_00 6
COV rd_04 15
COV wr_04 7
COV rd_08 4
COV wr_08 1
COV rd_0c 2
COV wr_0c 0
COV rd_10 2
COV wr_10 0
COV rd_14 2
COV wr_14 0
COV rd_18 4
COV wr_18 1
COV rd_20 11
COV wr_20 8
COV rd_24 38
COV wr_24 36
COV rd_28 3
COV wr_28 2
COV rd_2c 7
COV wr_2c 5
COV rd_30 4
COV wr_30 5
COV rd_34 6
COV wr_34 0
COV rd_38 6
COV wr_38 0
COV rd_3c 6
COV wr_3c 0
COV rd_40 6
COV wr_40 0
COV rd_44 6
COV wr_44 0
COV rd_48 6
COV wr_48 0
COV rd_4c 6
COV wr_4c 0
COV rd_50 6
COV wr_50 0
COV rd_54 6
COV wr_54 0
COV rd_1c 3
COV wr_1c 1
COV rsvd_rd 13
COV unaligned_rd 12
COV rsvd_wr 3
COV w1c_write 5
COV sticky_set 3
COV sticky_race 1
COV tier_clamp 1
COV thresh_mask 1
COV imp_mask 1
COV busy_all 3
COV busy_some 5
COV idle_seen 4
COV perf_en 3
COV perf_clear 1
COV perf_clr_en 1
COV perf_dis_hold 9
COV perf_sat 0
COV perf_nonzero 27
COV rw_simul 4
COV b2b_rd 3
COV hard_reset 1
COV out_enable_chk 8
COV out_thresh_chk 36
COV out_tier_chk 10
COV perfw_32 1
COV perfw_8 0
TB PASS: 181 checked reads, 2 soft_reset + 2 flush pulses, 0 errors (PERF_W=32 seed=201)
- tb_csr_sb.sv:545: Verilog $finish
- S i m u l a t i o n   R e p o r t: Verilator 5.044 2026-01-01
- Verilator: $finish at 10us; walltime 0.001 s; speed 9.671 ms/s
- Verilator: cpu 0.001 s on 1 threads; alloced 1 MB
set -o pipefail; build/obj_w32/Vtb_csr_sb +vectors=build/vectors_random.txt +seed=202 \
	    | tee build/run_random.log
[TB] PERF_W=32 vectors=build/vectors_random.txt seed=202
COV rd_00 82
COV wr_00 63
COV rd_04 292
COV wr_04 166
COV rd_08 90
COV wr_08 59
COV rd_0c 80
COV wr_0c 51
COV rd_10 86
COV wr_10 63
COV rd_14 95
COV wr_14 51
COV rd_18 92
COV wr_18 53
COV rd_20 72
COV wr_20 56
COV rd_24 90
COV wr_24 51
COV rd_28 90
COV wr_28 58
COV rd_2c 88
COV wr_2c 68
COV rd_30 78
COV wr_30 61
COV rd_34 49
COV wr_34 0
COV rd_38 58
COV wr_38 0
COV rd_3c 52
COV wr_3c 0
COV rd_40 50
COV wr_40 0
COV rd_44 52
COV wr_44 0
COV rd_48 52
COV wr_48 0
COV rd_4c 50
COV wr_4c 0
COV rd_50 63
COV wr_50 0
COV rd_54 55
COV wr_54 0
COV rd_1c 71
COV wr_1c 51
COV rsvd_rd 400
COV unaligned_rd 118
COV rsvd_wr 277
COV w1c_write 94
COV sticky_set 167
COV sticky_race 115
COV tier_clamp 18
COV thresh_mask 51
COV imp_mask 68
COV busy_all 1
COV busy_some 268
COV idle_seen 4
COV perf_en 30
COV perf_clear 7
COV perf_clr_en 8
COV perf_dis_hold 196
COV perf_sat 0
COV perf_nonzero 364
COV rw_simul 147
COV b2b_rd 136
COV hard_reset 1
COV out_enable_chk 55
COV out_thresh_chk 63
COV out_tier_chk 49
COV perfw_32 1
COV perfw_8 0
TB PASS: 2234 checked reads, 29 soft_reset + 58 flush pulses, 0 errors (PERF_W=32 seed=202)
- tb_csr_sb.sv:545: Verilog $finish
- S i m u l a t i o n   R e p o r t: Verilator 5.044 2026-01-01
- Verilator: $finish at 142us; walltime 0.012 s; speed 11.658 ms/s
- Verilator: cpu 0.012 s on 1 threads; alloced 1 MB
set -o pipefail; build/obj_w32/Vtb_csr_sb +vectors=build/vectors_random.txt +seed=303 \
	    | tee build/run_random2.log
[TB] PERF_W=32 vectors=build/vectors_random.txt seed=303
COV rd_00 82
COV wr_00 63
COV rd_04 292
COV wr_04 166
COV rd_08 90
COV wr_08 59
COV rd_0c 80
COV wr_0c 51
COV rd_10 86
COV wr_10 63
COV rd_14 95
COV wr_14 51
COV rd_18 92
COV wr_18 53
COV rd_20 72
COV wr_20 56
COV rd_24 90
COV wr_24 51
COV rd_28 90
COV wr_28 58
COV rd_2c 88
COV wr_2c 68
COV rd_30 78
COV wr_30 61
COV rd_34 49
COV wr_34 0
COV rd_38 58
COV wr_38 0
COV rd_3c 52
COV wr_3c 0
COV rd_40 50
COV wr_40 0
COV rd_44 52
COV wr_44 0
COV rd_48 52
COV wr_48 0
COV rd_4c 50
COV wr_4c 0
COV rd_50 63
COV wr_50 0
COV rd_54 55
COV wr_54 0
COV rd_1c 71
COV wr_1c 51
COV rsvd_rd 400
COV unaligned_rd 118
COV rsvd_wr 277
COV w1c_write 94
COV sticky_set 167
COV sticky_race 115
COV tier_clamp 18
COV thresh_mask 51
COV imp_mask 68
COV busy_all 1
COV busy_some 268
COV idle_seen 4
COV perf_en 30
COV perf_clear 7
COV perf_clr_en 8
COV perf_dis_hold 196
COV perf_sat 0
COV perf_nonzero 364
COV rw_simul 147
COV b2b_rd 136
COV hard_reset 1
COV out_enable_chk 55
COV out_thresh_chk 63
COV out_tier_chk 49
COV perfw_32 1
COV perfw_8 0
TB PASS: 2234 checked reads, 29 soft_reset + 58 flush pulses, 0 errors (PERF_W=32 seed=303)
- tb_csr_sb.sv:545: Verilog $finish
- S i m u l a t i o n   R e p o r t: Verilator 5.044 2026-01-01
- Verilator: $finish at 142us; walltime 0.009 s; speed 15.398 ms/s
- Verilator: cpu 0.009 s on 1 threads; alloced 1 MB
set -o pipefail; build/obj_w8/Vtb_csr_sb +vectors=build/vectors_sat.txt +seed=204 \
	    | tee build/run_sat.log
[TB] PERF_W=8 vectors=build/vectors_sat.txt seed=204
COV rd_00 0
COV wr_00 0
COV rd_04 0
COV wr_04 0
COV rd_08 0
COV wr_08 0
COV rd_0c 0
COV wr_0c 0
COV rd_10 0
COV wr_10 0
COV rd_14 0
COV wr_14 0
COV rd_18 0
COV wr_18 0
COV rd_20 0
COV wr_20 0
COV rd_24 0
COV wr_24 0
COV rd_28 0
COV wr_28 0
COV rd_2c 0
COV wr_2c 0
COV rd_30 0
COV wr_30 3
COV rd_34 2
COV wr_34 0
COV rd_38 2
COV wr_38 0
COV rd_3c 2
COV wr_3c 0
COV rd_40 2
COV wr_40 0
COV rd_44 2
COV wr_44 0
COV rd_48 2
COV wr_48 0
COV rd_4c 2
COV wr_4c 0
COV rd_50 2
COV wr_50 0
COV rd_54 2
COV wr_54 0
COV rd_1c 0
COV wr_1c 0
COV rsvd_rd 0
COV unaligned_rd 0
COV rsvd_wr 0
COV w1c_write 0
COV sticky_set 0
COV sticky_race 0
COV tier_clamp 0
COV thresh_mask 0
COV imp_mask 0
COV busy_all 1
COV busy_some 1
COV idle_seen 2
COV perf_en 2
COV perf_clear 0
COV perf_clr_en 2
COV perf_dis_hold 0
COV perf_sat 9
COV perf_nonzero 11
COV rw_simul 0
COV b2b_rd 0
COV hard_reset 0
COV out_enable_chk 0
COV out_thresh_chk 0
COV out_tier_chk 0
COV perfw_32 0
COV perfw_8 1
TB PASS: 18 checked reads, 0 soft_reset + 0 flush pulses, 0 errors (PERF_W=8 seed=204)
- tb_csr_sb.sv:545: Verilog $finish
- S i m u l a t i o n   R e p o r t: Verilator 5.044 2026-01-01
- Verilator: $finish at 4us; walltime 0.000 s; speed 9.584 ms/s
- Verilator: cpu 0.000 s on 1 threads; alloced 2 MB
/Users/nabilabdelazizferhattaleb/.pyenv/versions/3.11.5/bin/python coverage_report.py build/run_*.log | tee build/coverage.txt
bucket                hits  status   note
------------------------------------------------------------------------------
rd_00                  174  HIT      read of CTRL
wr_00                  132  HIT      write to CTRL
rd_04                  599  HIT      read of STATUS
wr_04                  339  HIT      write to STATUS
rd_08                  184  HIT      read of INFO_N
wr_08                  119  HIT      write to INFO_N
rd_0c                  162  HIT      read of INFO_D
wr_0c                  102  HIT      write to INFO_D
rd_10                  174  HIT      read of INFO_G
wr_10                  126  HIT      write to INFO_G
rd_14                  192  HIT      read of INFO_TIER
wr_14                  102  HIT      write to INFO_TIER
rd_18                  188  HIT      read of INFO_VERSION
wr_18                  107  HIT      write to INFO_VERSION
rd_1c                  145  HIT      read of reserved-in-map
wr_1c                  103  HIT      write to reserved-in-map
rd_20                  155  HIT      read of TIER_CTRL
wr_20                  120  HIT      write to TIER_CTRL
rd_24                  218  HIT      read of THRESHOLD_REG
wr_24                  138  HIT      write to THRESHOLD_REG
rd_28                  183  HIT      read of FLUSH
wr_28                  118  HIT      write to FLUSH
rd_2c                  183  HIT      read of IMPORTANCE_BASE
wr_2c                  141  HIT      write to IMPORTANCE_BASE
rd_30                  160  HIT      read of PERF_CTRL
wr_30                  130  HIT      write to PERF_CTRL
rd_34                  106  HIT      read of PERF_CYCLES
wr_34                    0  hole(ok) write to PERF_CYCLES (RO, optional)
rd_38                  124  HIT      read of PERF_BUSY_0
wr_38                    0  hole(ok) write to PERF_BUSY_0 (RO, optional)
rd_3c                  112  HIT      read of PERF_BUSY_1
wr_3c                    0  hole(ok) write to PERF_BUSY_1 (RO, optional)
rd_40                  108  HIT      read of PERF_BUSY_2
wr_40                    0  hole(ok) write to PERF_BUSY_2 (RO, optional)
rd_44                  112  HIT      read of PERF_BUSY_3
wr_44                    0  hole(ok) write to PERF_BUSY_3 (RO, optional)
rd_48                  112  HIT      read of PERF_BUSY_4
wr_48                    0  hole(ok) write to PERF_BUSY_4 (RO, optional)
rd_4c                  108  HIT      read of PERF_BUSY_5
wr_4c                    0  hole(ok) write to PERF_BUSY_5 (RO, optional)
rd_50                  134  HIT      read of PERF_BUSY_6
wr_50                    0  hole(ok) write to PERF_BUSY_6 (RO, optional)
rd_54                  118  HIT      read of PERF_BUSY_7
wr_54                    0  hole(ok) write to PERF_BUSY_7 (RO, optional)
rsvd_rd                813  HIT      aligned reserved/unmapped read -> 0xDEADBEEF
unaligned_rd           248  HIT      unaligned read -> 0xDEADBEEF
rsvd_wr                557  HIT      reserved/unaligned write: no side effects
w1c_write              193  HIT      STATUS bit1 W1C write issued
sticky_set             337  HIT      desc_error pulse -> sticky observed
sticky_race            231  HIT      set and W1C in the SAME cycle (set must win)
tier_clamp              37  HIT      TIER_CTRL code 2'b11 clamps to CQ4
thresh_mask            103  HIT      THRESHOLD write with garbage above [4:0]
imp_mask               137  HIT      IMPORTANCE_BASE write with garbage above field
busy_all                 6  HIT      block_busy_i all-ones (idle=0, busy=0xFF)
busy_some              542  HIT      partial busy patterns
idle_seen               14  HIT      block_busy_i zero (idle=1)
perf_en                 65  HIT      PERF_CTRL enable set
perf_clear              15  HIT      PERF_CTRL clear (without enable)
perf_clr_en             19  HIT      PERF_CTRL clear+enable in one write
perf_dis_hold          401  HIT      counter nonzero and HELD while disabled
perf_sat                 9  HIT      counter pegged at all-ones (PERF_W=8 build)
perf_nonzero           766  HIT      counter read back nonzero vs mirror
rw_simul               298  HIT      simultaneous read+write (read-before-write)
b2b_rd                 275  HIT      back-to-back pipelined reads
hard_reset               3  HIT      mid-run hard reset -> defaults re-checked
out_enable_chk         118  HIT      enable output port cross-checked vs CTRL
out_thresh_chk         162  HIT      threshold output port cross-checked
out_tier_chk           108  HIT      tier_sel/tip_override ports cross-checked
perfw_32                 3  HIT      PERF_W=32 build ran
perfw_8                  1  HIT      PERF_W=8 build ran (saturation reachable)
------------------------------------------------------------------------------
COVERAGE: all required buckets hit (61 required, 70 total)
/Users/nabilabdelazizferhattaleb/.pyenv/versions/3.11.5/bin/python mutate.py sticky_race ../../rtl build/mut_sticky_race/rtl
MUTANT sticky_race: csr/csr_regs.sv patched
mkdir -p build/mut_sticky_race/obj
/opt/homebrew/bin/verilator --binary --timing --assert --timescale 1ns/1ps -j 4 lint_waivers.vlt --top-module tb_csr_sb -Mdir build/mut_sticky_race/obj build/mut_sticky_race/rtl/apex_pkg.sv build/mut_sticky_race/rtl/csr/csr_regs.sv tb_csr_sb.sv
c++ -Os  -I.  -MMD -I/opt/homebrew/Cellar/verilator/5.044/share/verilator/include -I/opt/homebrew/Cellar/verilator/5.044/share/verilator/include/vltstd -DVERILATOR=1 -DVM_COVERAGE=0 -DVM_SC=0 -DVM_TIMING=1 -DVM_TRACE=0 -DVM_TRACE_FST=0 -DVM_TRACE_VCD=0 -DVM_TRACE_SAIF=0 -faligned-new -fbracket-depth=4096 -fcf-protection=none -Xclang -fno-pch-timestamp -Qunused-arguments -Wno-bool-operation -Wno-c++11-narrowing -Wno-constant-logical-operand -Wno-int-in-bool-context -Wno-non-pod-varargs -Wno-parentheses-equality -Wno-shadow -Wno-sign-compare -Wno-tautological-bitwise-compare -Wno-tautological-compare -Wno-uninitialized -Wno-unused-but-set-parameter -Wno-unused-but-set-variable -Wno-unused-parameter -Wno-unused-variable -Wno-vla-cxx-extension    -DVL_TIME_CONTEXT   -std=gnu++20 -c -o verilated.o /opt/homebrew/Cellar/verilator/5.044/share/verilator/include/verilated.cpp
c++ -Os  -I.  -MMD -I/opt/homebrew/Cellar/verilator/5.044/share/verilator/include -I/opt/homebrew/Cellar/verilator/5.044/share/verilator/include/vltstd -DVERILATOR=1 -DVM_COVERAGE=0 -DVM_SC=0 -DVM_TIMING=1 -DVM_TRACE=0 -DVM_TRACE_FST=0 -DVM_TRACE_VCD=0 -DVM_TRACE_SAIF=0 -faligned-new -fbracket-depth=4096 -fcf-protection=none -Xclang -fno-pch-timestamp -Qunused-arguments -Wno-bool-operation -Wno-c++11-narrowing -Wno-constant-logical-operand -Wno-int-in-bool-context -Wno-non-pod-varargs -Wno-parentheses-equality -Wno-shadow -Wno-sign-compare -Wno-tautological-bitwise-compare -Wno-tautological-compare -Wno-uninitialized -Wno-unused-but-set-parameter -Wno-unused-but-set-variable -Wno-unused-parameter -Wno-unused-variable -Wno-vla-cxx-extension    -DVL_TIME_CONTEXT   -std=gnu++20 -c -o verilated_timing.o /opt/homebrew/Cellar/verilator/5.044/share/verilator/include/verilated_timing.cpp
c++ -Os  -I.  -MMD -I/opt/homebrew/Cellar/verilator/5.044/share/verilator/include -I/opt/homebrew/Cellar/verilator/5.044/share/verilator/include/vltstd -DVERILATOR=1 -DVM_COVERAGE=0 -DVM_SC=0 -DVM_TIMING=1 -DVM_TRACE=0 -DVM_TRACE_FST=0 -DVM_TRACE_VCD=0 -DVM_TRACE_SAIF=0 -faligned-new -fbracket-depth=4096 -fcf-protection=none -Xclang -fno-pch-timestamp -Qunused-arguments -Wno-bool-operation -Wno-c++11-narrowing -Wno-constant-logical-operand -Wno-int-in-bool-context -Wno-non-pod-varargs -Wno-parentheses-equality -Wno-shadow -Wno-sign-compare -Wno-tautological-bitwise-compare -Wno-tautological-compare -Wno-uninitialized -Wno-unused-but-set-parameter -Wno-unused-but-set-variable -Wno-unused-parameter -Wno-unused-variable -Wno-vla-cxx-extension    -DVL_TIME_CONTEXT   -std=gnu++20 -c -o verilated_threads.o /opt/homebrew/Cellar/verilator/5.044/share/verilator/include/verilated_threads.cpp
python3 /opt/homebrew/Cellar/verilator/5.044/share/verilator/bin/verilator_includer -DVL_INCLUDE_OPT=include Vtb_csr_sb.cpp Vtb_csr_sb___024root__0.cpp Vtb_csr_sb__main.cpp Vtb_csr_sb___024root__Slow.cpp Vtb_csr_sb___024root__0__Slow.cpp Vtb_csr_sb__Syms__Slow.cpp > Vtb_csr_sb__ALL.cpp
warning: unknown warning option '-Wno-vla-cxx-extension'; did you mean '-Wno-vla-extension'? [-Wunknown-warning-option]
warning: unknown warning option '-Wno-vla-cxx-extension'; did you mean '-Wno-vla-extension'? [-Wunknown-warning-option]
warning: unknown warning option '-Wno-vla-cxx-extension'; did you mean '-Wno-vla-extension'? [-Wunknown-warning-option]
c++ -Os  -I.  -MMD -I/opt/homebrew/Cellar/verilator/5.044/share/verilator/include -I/opt/homebrew/Cellar/verilator/5.044/share/verilator/include/vltstd -DVERILATOR=1 -DVM_COVERAGE=0 -DVM_SC=0 -DVM_TIMING=1 -DVM_TRACE=0 -DVM_TRACE_FST=0 -DVM_TRACE_VCD=0 -DVM_TRACE_SAIF=0 -faligned-new -fbracket-depth=4096 -fcf-protection=none -Xclang -fno-pch-timestamp -Qunused-arguments -Wno-bool-operation -Wno-c++11-narrowing -Wno-constant-logical-operand -Wno-int-in-bool-context -Wno-non-pod-varargs -Wno-parentheses-equality -Wno-shadow -Wno-sign-compare -Wno-tautological-bitwise-compare -Wno-tautological-compare -Wno-uninitialized -Wno-unused-but-set-parameter -Wno-unused-but-set-variable -Wno-unused-parameter -Wno-unused-variable -Wno-vla-cxx-extension    -DVL_TIME_CONTEXT   -std=gnu++20 -c -o Vtb_csr_sb__ALL.o Vtb_csr_sb__ALL.cpp
warning: unknown warning option '-Wno-vla-cxx-extension'; did you mean '-Wno-vla-extension'? [-Wunknown-warning-option]
1 warning generated.
1 warning generated.
1 warning generated.
1 warning generated.
c++  -Wl,-U,__Z15vl_time_stamp64v,-U,__Z13sc_time_stampv   verilated.o verilated_timing.o verilated_threads.o Vtb_csr_sb__ALL.a    -pthread -lpthread   -o Vtb_csr_sb
rm Vtb_csr_sb__ALL.verilator_deplist.tmp
- V e r i l a t i o n   R e p o r t: Verilator 5.044 2026-01-01 rev vUNKNOWN-built20260101
- Verilator: Built from 0.106 MB sources in 5 modules, into 0.294 MB in 6 C++ files needing 0.001 MB
- Verilator: Walltime 1.675 s (elab=0.002, cvt=0.015, bld=1.650); cpu 0.028 s on 4 threads; alloced 11.469 MB
MUTANT sticky_race CAUGHT:
[4535000] %Error: csr_sb_sva.svh:45: Assertion failed in tb_csr_sb.dut.u_sva.ap_sticky_set: [SVA csr] desc_error pulse did not set the sticky bit
%Error: csr_sb_sva.svh:45: Verilog $stop
/Users/nabilabdelazizferhattaleb/.pyenv/versions/3.11.5/bin/python mutate.py perf_nogate ../../rtl build/mut_perf_nogate/rtl
MUTANT perf_nogate: csr/csr_regs.sv patched
mkdir -p build/mut_perf_nogate/obj
/opt/homebrew/bin/verilator --binary --timing --assert --timescale 1ns/1ps -j 4 lint_waivers.vlt --top-module tb_csr_sb -Mdir build/mut_perf_nogate/obj build/mut_perf_nogate/rtl/apex_pkg.sv build/mut_perf_nogate/rtl/csr/csr_regs.sv tb_csr_sb.sv
c++ -Os  -I.  -MMD -I/opt/homebrew/Cellar/verilator/5.044/share/verilator/include -I/opt/homebrew/Cellar/verilator/5.044/share/verilator/include/vltstd -DVERILATOR=1 -DVM_COVERAGE=0 -DVM_SC=0 -DVM_TIMING=1 -DVM_TRACE=0 -DVM_TRACE_FST=0 -DVM_TRACE_VCD=0 -DVM_TRACE_SAIF=0 -faligned-new -fbracket-depth=4096 -fcf-protection=none -Xclang -fno-pch-timestamp -Qunused-arguments -Wno-bool-operation -Wno-c++11-narrowing -Wno-constant-logical-operand -Wno-int-in-bool-context -Wno-non-pod-varargs -Wno-parentheses-equality -Wno-shadow -Wno-sign-compare -Wno-tautological-bitwise-compare -Wno-tautological-compare -Wno-uninitialized -Wno-unused-but-set-parameter -Wno-unused-but-set-variable -Wno-unused-parameter -Wno-unused-variable -Wno-vla-cxx-extension    -DVL_TIME_CONTEXT   -std=gnu++20 -c -o verilated.o /opt/homebrew/Cellar/verilator/5.044/share/verilator/include/verilated.cpp
c++ -Os  -I.  -MMD -I/opt/homebrew/Cellar/verilator/5.044/share/verilator/include -I/opt/homebrew/Cellar/verilator/5.044/share/verilator/include/vltstd -DVERILATOR=1 -DVM_COVERAGE=0 -DVM_SC=0 -DVM_TIMING=1 -DVM_TRACE=0 -DVM_TRACE_FST=0 -DVM_TRACE_VCD=0 -DVM_TRACE_SAIF=0 -faligned-new -fbracket-depth=4096 -fcf-protection=none -Xclang -fno-pch-timestamp -Qunused-arguments -Wno-bool-operation -Wno-c++11-narrowing -Wno-constant-logical-operand -Wno-int-in-bool-context -Wno-non-pod-varargs -Wno-parentheses-equality -Wno-shadow -Wno-sign-compare -Wno-tautological-bitwise-compare -Wno-tautological-compare -Wno-uninitialized -Wno-unused-but-set-parameter -Wno-unused-but-set-variable -Wno-unused-parameter -Wno-unused-variable -Wno-vla-cxx-extension    -DVL_TIME_CONTEXT   -std=gnu++20 -c -o verilated_timing.o /opt/homebrew/Cellar/verilator/5.044/share/verilator/include/verilated_timing.cpp
c++ -Os  -I.  -MMD -I/opt/homebrew/Cellar/verilator/5.044/share/verilator/include -I/opt/homebrew/Cellar/verilator/5.044/share/verilator/include/vltstd -DVERILATOR=1 -DVM_COVERAGE=0 -DVM_SC=0 -DVM_TIMING=1 -DVM_TRACE=0 -DVM_TRACE_FST=0 -DVM_TRACE_VCD=0 -DVM_TRACE_SAIF=0 -faligned-new -fbracket-depth=4096 -fcf-protection=none -Xclang -fno-pch-timestamp -Qunused-arguments -Wno-bool-operation -Wno-c++11-narrowing -Wno-constant-logical-operand -Wno-int-in-bool-context -Wno-non-pod-varargs -Wno-parentheses-equality -Wno-shadow -Wno-sign-compare -Wno-tautological-bitwise-compare -Wno-tautological-compare -Wno-uninitialized -Wno-unused-but-set-parameter -Wno-unused-but-set-variable -Wno-unused-parameter -Wno-unused-variable -Wno-vla-cxx-extension    -DVL_TIME_CONTEXT   -std=gnu++20 -c -o verilated_threads.o /opt/homebrew/Cellar/verilator/5.044/share/verilator/include/verilated_threads.cpp
python3 /opt/homebrew/Cellar/verilator/5.044/share/verilator/bin/verilator_includer -DVL_INCLUDE_OPT=include Vtb_csr_sb.cpp Vtb_csr_sb___024root__0.cpp Vtb_csr_sb__main.cpp Vtb_csr_sb___024root__Slow.cpp Vtb_csr_sb___024root__0__Slow.cpp Vtb_csr_sb__Syms__Slow.cpp > Vtb_csr_sb__ALL.cpp
warning: unknown warning option '-Wno-vla-cxx-extension'; did you mean '-Wno-vla-extension'? [-Wunknown-warning-option]
warning: unknown warning option '-Wno-vla-cxx-extension'; did you mean '-Wno-vla-extension'? [-Wunknown-warning-option]
warning: unknown warning option '-Wno-vla-cxx-extension'; did you mean '-Wno-vla-extension'? [-Wunknown-warning-option]
c++ -Os  -I.  -MMD -I/opt/homebrew/Cellar/verilator/5.044/share/verilator/include -I/opt/homebrew/Cellar/verilator/5.044/share/verilator/include/vltstd -DVERILATOR=1 -DVM_COVERAGE=0 -DVM_SC=0 -DVM_TIMING=1 -DVM_TRACE=0 -DVM_TRACE_FST=0 -DVM_TRACE_VCD=0 -DVM_TRACE_SAIF=0 -faligned-new -fbracket-depth=4096 -fcf-protection=none -Xclang -fno-pch-timestamp -Qunused-arguments -Wno-bool-operation -Wno-c++11-narrowing -Wno-constant-logical-operand -Wno-int-in-bool-context -Wno-non-pod-varargs -Wno-parentheses-equality -Wno-shadow -Wno-sign-compare -Wno-tautological-bitwise-compare -Wno-tautological-compare -Wno-uninitialized -Wno-unused-but-set-parameter -Wno-unused-but-set-variable -Wno-unused-parameter -Wno-unused-variable -Wno-vla-cxx-extension    -DVL_TIME_CONTEXT   -std=gnu++20 -c -o Vtb_csr_sb__ALL.o Vtb_csr_sb__ALL.cpp
warning: unknown warning option '-Wno-vla-cxx-extension'; did you mean '-Wno-vla-extension'? [-Wunknown-warning-option]
1 warning generated.
1 warning generated.
1 warning generated.
1 warning generated.
c++  -Wl,-U,__Z15vl_time_stamp64v,-U,__Z13sc_time_stampv   verilated.o verilated_timing.o verilated_threads.o Vtb_csr_sb__ALL.a    -pthread -lpthread   -o Vtb_csr_sb
rm Vtb_csr_sb__ALL.verilator_deplist.tmp
- V e r i l a t i o n   R e p o r t: Verilator 5.044 2026-01-01 rev vUNKNOWN-built20260101
- Verilator: Built from 0.106 MB sources in 5 modules, into 0.294 MB in 6 C++ files needing 0.001 MB
- Verilator: Walltime 1.660 s (elab=0.002, cvt=0.015, bld=1.635); cpu 0.028 s on 4 threads; alloced 11.500 MB
MUTANT perf_nogate CAUGHT:
FAIL cyc=613 [V]: perf @34 got 0000025f mirror 0000004f
FAIL cyc=616 [V]: perf @38 got 0000004c mirror 0000003e
FAIL cyc=619 [V]: perf @3c got 00000030 mirror 00000026
MUTATION GATE: 2/2 mutants caught
==== CSR SUITE: ALL TARGETS COMPLETE ====
