========================================================================
APEX W4 WEIGHT CODEC (B3) — golden gate
========================================================================

[A] job geometry / stream contract (S1-S6)
  PASS  K=64 N=8: KB == ceil(K/8) — KB=8
  PASS  K=64 N=8: INT8 beats == KB*N — 64
  PASS  K=64 N=8: packed beats == ceil(KB*N/2) — 32
  PASS  K=128 N=8: KB == ceil(K/8) — KB=16
  PASS  K=128 N=8: INT8 beats == KB*N — 128
  PASS  K=128 N=8: packed beats == ceil(KB*N/2) — 64
  PASS  K=70 N=8: KB == ceil(K/8) — KB=9
  PASS  K=70 N=8: INT8 beats == KB*N — 72
  PASS  K=70 N=8: packed beats == ceil(KB*N/2) — 36
  PASS  K=64 N=3: KB == ceil(K/8) — KB=8
  PASS  K=64 N=3: INT8 beats == KB*N — 24
  PASS  K=64 N=3: packed beats == ceil(KB*N/2) — 12
  PASS  K=40 N=1: KB == ceil(K/8) — KB=5
  PASS  K=40 N=1: INT8 beats == KB*N — 5
  PASS  K=40 N=1: packed beats == ceil(KB*N/2) — 3
  PASS  K=24 N=5: KB == ceil(K/8) — KB=3
  PASS  K=24 N=5: INT8 beats == KB*N — 15
  PASS  K=24 N=5: packed beats == ceil(KB*N/2) — 8
  PASS  K=64 N=8: stream order chunk-major/column-minor (S1-S3)
  PASS  K=128 N=8: stream order chunk-major/column-minor (S1-S3)
  PASS  K=70 N=8: stream order chunk-major/column-minor (S1-S3)
  PASS  K=64 N=3: stream order chunk-major/column-minor (S1-S3)
  PASS  K=40 N=1: stream order chunk-major/column-minor (S1-S3)
  PASS  K=24 N=5: stream order chunk-major/column-minor (S1-S3)
  PASS  K=70: pad elements (row >= K) are zero (S2) — 16 pad elements

[B] INT8 -> fp16 narrowing is lossless
  PASS  every INT8 code -127..127 round-trips fp16 EXACTLY
  PASS  out-of-range weight is rejected

[C] pack/unpack/dequant == cq_codec primitives (bit-exact)
  PASS  K=64 N=8 g=tile: codes within C-1 INT4 clamp [-8,7] — range [-7,7]
  PASS  K=64 N=8 g=tile: unpack_int4(packed) == code stream
  PASS  K=64 N=8 g=tile grp0: dequant_f32 bit-exact through pack/unpack
  PASS  K=64 N=8 g=col: codes within C-1 INT4 clamp [-8,7] — range [-7,7]
  PASS  K=64 N=8 g=col: unpack_int4(packed) == code stream
  PASS  K=64 N=8 g=col grp0: dequant_f32 bit-exact through pack/unpack
  PASS  K=64 N=8 g=col grp1: dequant_f32 bit-exact through pack/unpack
  PASS  K=64 N=8 g=col grp2: dequant_f32 bit-exact through pack/unpack
  PASS  K=64 N=8 g=col grp3: dequant_f32 bit-exact through pack/unpack
  PASS  K=64 N=8 g=16: codes within C-1 INT4 clamp [-8,7] — range [-7,7]
  PASS  K=64 N=8 g=16: unpack_int4(packed) == code stream
  PASS  K=64 N=8 g=16 grp0: dequant_f32 bit-exact through pack/unpack
  PASS  K=64 N=8 g=16 grp1: dequant_f32 bit-exact through pack/unpack
  PASS  K=64 N=8 g=16 grp2: dequant_f32 bit-exact through pack/unpack
  PASS  K=64 N=8 g=16 grp3: dequant_f32 bit-exact through pack/unpack
  PASS  K=128 N=8 g=tile: codes within C-1 INT4 clamp [-8,7] — range [-7,7]
  PASS  K=128 N=8 g=tile: unpack_int4(packed) == code stream
  PASS  K=128 N=8 g=tile grp0: dequant_f32 bit-exact through pack/unpack
  PASS  K=128 N=8 g=col: codes within C-1 INT4 clamp [-8,7] — range [-7,7]
  PASS  K=128 N=8 g=col: unpack_int4(packed) == code stream
  PASS  K=128 N=8 g=col grp0: dequant_f32 bit-exact through pack/unpack
  PASS  K=128 N=8 g=col grp1: dequant_f32 bit-exact through pack/unpack
  PASS  K=128 N=8 g=col grp2: dequant_f32 bit-exact through pack/unpack
  PASS  K=128 N=8 g=col grp3: dequant_f32 bit-exact through pack/unpack
  PASS  K=128 N=8 g=16: codes within C-1 INT4 clamp [-8,7] — range [-7,7]
  PASS  K=128 N=8 g=16: unpack_int4(packed) == code stream
  PASS  K=128 N=8 g=16 grp0: dequant_f32 bit-exact through pack/unpack
  PASS  K=128 N=8 g=16 grp1: dequant_f32 bit-exact through pack/unpack
  PASS  K=128 N=8 g=16 grp2: dequant_f32 bit-exact through pack/unpack
  PASS  K=128 N=8 g=16 grp3: dequant_f32 bit-exact through pack/unpack
  PASS  K=70 N=8 g=tile: codes within C-1 INT4 clamp [-8,7] — range [-7,7]
  PASS  K=70 N=8 g=tile: unpack_int4(packed) == code stream
  PASS  K=70 N=8 g=tile grp0: dequant_f32 bit-exact through pack/unpack
  PASS  K=70 N=8 g=col: codes within C-1 INT4 clamp [-8,7] — range [-7,7]
  PASS  K=70 N=8 g=col: unpack_int4(packed) == code stream
  PASS  K=70 N=8 g=col grp0: dequant_f32 bit-exact through pack/unpack
  PASS  K=70 N=8 g=col grp1: dequant_f32 bit-exact through pack/unpack
  PASS  K=70 N=8 g=col grp2: dequant_f32 bit-exact through pack/unpack
  PASS  K=70 N=8 g=col grp3: dequant_f32 bit-exact through pack/unpack
  PASS  K=70 N=8 g=16: codes within C-1 INT4 clamp [-8,7] — range [-7,7]
  PASS  K=70 N=8 g=16: unpack_int4(packed) == code stream
  PASS  K=70 N=8 g=16 grp0: dequant_f32 bit-exact through pack/unpack
  PASS  K=70 N=8 g=16 grp1: dequant_f32 bit-exact through pack/unpack
  PASS  K=70 N=8 g=16 grp2: dequant_f32 bit-exact through pack/unpack
  PASS  K=70 N=8 g=16 grp3: dequant_f32 bit-exact through pack/unpack
  PASS  K=64 N=3 g=tile: codes within C-1 INT4 clamp [-8,7] — range [-7,7]
  PASS  K=64 N=3 g=tile: unpack_int4(packed) == code stream
  PASS  K=64 N=3 g=tile grp0: dequant_f32 bit-exact through pack/unpack
  PASS  K=64 N=3 g=col: codes within C-1 INT4 clamp [-8,7] — range [-7,7]
  PASS  K=64 N=3 g=col: unpack_int4(packed) == code stream
  PASS  K=64 N=3 g=col grp0: dequant_f32 bit-exact through pack/unpack
  PASS  K=64 N=3 g=col grp1: dequant_f32 bit-exact through pack/unpack
  PASS  K=64 N=3 g=col grp2: dequant_f32 bit-exact through pack/unpack
  PASS  K=64 N=3 g=16: codes within C-1 INT4 clamp [-8,7] — range [-7,7]
  PASS  K=64 N=3 g=16: unpack_int4(packed) == code stream
  PASS  K=64 N=3 g=16 grp0: dequant_f32 bit-exact through pack/unpack
  PASS  K=64 N=3 g=16 grp1: dequant_f32 bit-exact through pack/unpack
  PASS  K=64 N=3 g=16 grp2: dequant_f32 bit-exact through pack/unpack
  PASS  K=64 N=3 g=16 grp3: dequant_f32 bit-exact through pack/unpack
  PASS  K=40 N=1 g=tile: codes within C-1 INT4 clamp [-8,7] — range [-7,7]
  PASS  K=40 N=1 g=tile: unpack_int4(packed) == code stream
  PASS  K=40 N=1 g=tile grp0: dequant_f32 bit-exact through pack/unpack
  PASS  K=40 N=1 g=col: codes within C-1 INT4 clamp [-8,7] — range [-7,7]
  PASS  K=40 N=1 g=col: unpack_int4(packed) == code stream
  PASS  K=40 N=1 g=col grp0: dequant_f32 bit-exact through pack/unpack
  PASS  K=40 N=1 g=16: codes within C-1 INT4 clamp [-8,7] — range [-7,7]
  PASS  K=40 N=1 g=16: unpack_int4(packed) == code stream
  PASS  K=40 N=1 g=16 grp0: dequant_f32 bit-exact through pack/unpack
  PASS  K=40 N=1 g=16 grp1: dequant_f32 bit-exact through pack/unpack
  PASS  K=40 N=1 g=16 grp2: dequant_f32 bit-exact through pack/unpack
  PASS  K=24 N=5 g=tile: codes within C-1 INT4 clamp [-8,7] — range [-7,7]
  PASS  K=24 N=5 g=tile: unpack_int4(packed) == code stream
  PASS  K=24 N=5 g=tile grp0: dequant_f32 bit-exact through pack/unpack
  PASS  K=24 N=5 g=col: codes within C-1 INT4 clamp [-8,7] — range [-7,7]
  PASS  K=24 N=5 g=col: unpack_int4(packed) == code stream
  PASS  K=24 N=5 g=col grp0: dequant_f32 bit-exact through pack/unpack
  PASS  K=24 N=5 g=col grp1: dequant_f32 bit-exact through pack/unpack
  PASS  K=24 N=5 g=col grp2: dequant_f32 bit-exact through pack/unpack
  PASS  K=24 N=5 g=col grp3: dequant_f32 bit-exact through pack/unpack
  PASS  K=24 N=5 g=16: codes within C-1 INT4 clamp [-8,7] — range [-7,7]
  PASS  K=24 N=5 g=16: unpack_int4(packed) == code stream
  PASS  K=24 N=5 g=16 grp0: dequant_f32 bit-exact through pack/unpack
  PASS  K=24 N=5 g=16 grp1: dequant_f32 bit-exact through pack/unpack
  PASS  K=24 N=5 g=16 grp2: dequant_f32 bit-exact through pack/unpack
  PASS  K=24 N=5 g=16 grp3: dequant_f32 bit-exact through pack/unpack
  PASS  packed payload == cq_codec.pack_int4(code stream) byte-for-byte

[D] feeder equivalence (C-4) + realization legality
  PASS  K=64 N=8: (A) feeder out == sign-extended INT4 codes
  PASS  K=64 N=8: (A) output is INT8-representable
  PASS  K=64 N=8: (A) scale is the tile's group scale — 18.1406
  PASS  K=64 N=8: (B) feeder out is INT8-representable — range [-127,127]
  PASS  K=64 N=8: (B) emits one beat per INT8 beat — 512
  PASS  K=64 N=8: (B) pad lanes stay zero
  PASS  K=128 N=8: (A) feeder out == sign-extended INT4 codes
  PASS  K=128 N=8: (A) output is INT8-representable
  PASS  K=128 N=8: (A) scale is the tile's group scale — 18.1406
  PASS  K=128 N=8: (B) feeder out is INT8-representable — range [-127,127]
  PASS  K=128 N=8: (B) emits one beat per INT8 beat — 1024
  PASS  K=128 N=8: (B) pad lanes stay zero
  PASS  K=70 N=8: (A) feeder out == sign-extended INT4 codes
  PASS  K=70 N=8: (A) output is INT8-representable
  PASS  K=70 N=8: (A) scale is the tile's group scale — 18.1406
  PASS  K=70 N=8: (B) feeder out is INT8-representable — range [-127,127]
  PASS  K=70 N=8: (B) emits one beat per INT8 beat — 576
  PASS  K=70 N=8: (B) pad lanes stay zero
  PASS  K=64 N=3: (A) feeder out == sign-extended INT4 codes
  PASS  K=64 N=3: (A) output is INT8-representable
  PASS  K=64 N=3: (A) scale is the tile's group scale — 18.1406
  PASS  K=64 N=3: (B) feeder out is INT8-representable — range [-127,127]
  PASS  K=64 N=3: (B) emits one beat per INT8 beat — 192
  PASS  K=64 N=3: (B) pad lanes stay zero
  PASS  K=40 N=1: (A) feeder out == sign-extended INT4 codes
  PASS  K=40 N=1: (A) output is INT8-representable
  PASS  K=40 N=1: (A) scale is the tile's group scale — 17.2812
  PASS  K=40 N=1: (B) feeder out is INT8-representable — range [-127,127]
  PASS  K=40 N=1: (B) emits one beat per INT8 beat — 40
  PASS  K=40 N=1: (B) pad lanes stay zero
  PASS  K=24 N=5: (A) feeder out == sign-extended INT4 codes
  PASS  K=24 N=5: (A) output is INT8-representable
  PASS  K=24 N=5: (A) scale is the tile's group scale — 18.1406
  PASS  K=24 N=5: (B) feeder out is INT8-representable — range [-127,127]
  PASS  K=24 N=5: (B) emits one beat per INT8 beat — 120
  PASS  K=24 N=5: (B) pad lanes stay zero
  PASS  (A) with per-column groups is refused
  PASS  K=64 N=8: pow2 scales have a zero mantissa (fp16-grade)
  PASS  K=64 N=8: pow2 codes still inside [-8,7] — max|q|=4
  PASS  K=128 N=8: pow2 scales have a zero mantissa (fp16-grade)
  PASS  K=128 N=8: pow2 codes still inside [-8,7] — max|q|=4
  PASS  K=70 N=8: pow2 scales have a zero mantissa (fp16-grade)
  PASS  K=70 N=8: pow2 codes still inside [-8,7] — max|q|=4
  PASS  K=64 N=3: pow2 scales have a zero mantissa (fp16-grade)
  PASS  K=64 N=3: pow2 codes still inside [-8,7] — max|q|=4
  PASS  K=40 N=1: pow2 scales have a zero mantissa (fp16-grade)
  PASS  K=40 N=1: pow2 codes still inside [-8,7] — max|q|=4
  PASS  K=24 N=5: pow2 scales have a zero mantissa (fp16-grade)
  PASS  K=24 N=5: pow2 codes still inside [-8,7] — max|q|=7

[E] PERF: xw beats per job (S6)
  PASS  K=64 N=8: emitted == 2*consumed - (KB*N&1) — consumed=32 emitted=64 ratio=2.0000
  PASS  K=128 N=8: emitted == 2*consumed - (KB*N&1) — consumed=64 emitted=128 ratio=2.0000
  PASS  K=70 N=8: emitted == 2*consumed - (KB*N&1) — consumed=36 emitted=72 ratio=2.0000
  PASS  K=64 N=3: emitted == 2*consumed - (KB*N&1) — consumed=12 emitted=24 ratio=2.0000
  PASS  K=40 N=1: emitted == 2*consumed - (KB*N&1) — consumed=3 emitted=5 ratio=1.6667  [ODD tail]
  PASS  K=24 N=5: emitted == 2*consumed - (KB*N&1) — consumed=8 emitted=15 ratio=1.8750  [ODD tail]
  PASS  shipped D=64/N=8: xw beats per job exactly halved (64 -> 32) — 64 -> 32
  PASS  K=40/N=1 (KB*N=5, odd): ratio is 2*c-1, NOT 2.0 — consumed=3 emitted=5 r=1.6667

[F] STAGE 0b — realization measurement (vs ORIGINAL weights)
    rel_err = max|a@W_rec - a@W_real| / max|a@W_real|, activations identical both sides

  gaussian  (column dynamic range 1.5x):
    INT8 baseline  rel_err = 0.00492   (shipped path)
    A tile         rel_err = 0.11542   ( 23.5x INT8)
    A tile  raw    rel_err = 0.11537   ( 23.4x INT8)
    A tile  pow2   rel_err = 0.19695   ( 40.0x INT8)
    B col          rel_err = 0.09987   ( 20.3x INT8)
    B G=32         rel_err = 0.07758   ( 15.8x INT8)
    B G=16         rel_err = 0.07262   ( 14.8x INT8)

  uniform  (column dynamic range 1.0x):
    INT8 baseline  rel_err = 0.00398   (shipped path)
    A tile         rel_err = 0.06541   ( 16.4x INT8)
    A tile  raw    rel_err = 0.06541   ( 16.4x INT8)
    A tile  pow2   rel_err = 0.13297   ( 33.4x INT8)
    B col          rel_err = 0.07817   ( 19.6x INT8)
    B G=32         rel_err = 0.07817   ( 19.6x INT8)
    B G=16         rel_err = 0.06092   ( 15.3x INT8)

  outlier  (column dynamic range 19.1x):
    INT8 baseline  rel_err = 0.00833   (shipped path)
    A tile         rel_err = 0.13109   ( 15.7x INT8)
    A tile  raw    rel_err = 0.13108   ( 15.7x INT8)
    A tile  pow2   rel_err = 0.27894   ( 33.5x INT8)
    B col          rel_err = 0.13171   ( 15.8x INT8)
    B G=32         rel_err = 0.12554   ( 15.1x INT8)
    B G=16         rel_err = 0.09259   ( 11.1x INT8)

  PASS  gaussian: (A) and (B) are within 25% of each other — B/A = 0.865
  PASS  uniform: (A) and (B) are within 25% of each other — B/A = 1.195
  PASS  outlier: (A) and (B) are within 25% of each other — B/A = 1.005
  PASS  gaussian: fp16-grade composite costs ~0 vs the raw scale — 0.11542 vs 0.11537
  PASS  gaussian: pow2-snapping the group scale costs >50% — 1.71x
  PASS  uniform: fp16-grade composite costs ~0 vs the raw scale — 0.06541 vs 0.06541
  PASS  uniform: pow2-snapping the group scale costs >50% — 2.03x
  PASS  outlier: fp16-grade composite costs ~0 vs the raw scale — 0.13109 vs 0.13108
  PASS  outlier: pow2-snapping the group scale costs >50% — 2.13x
  PASS  gaussian: G=16 beats tile-wide grouping — 0.07262 < 0.11542 (37% better)
  PASS  uniform: G=16 beats tile-wide grouping — 0.06092 < 0.06541 (7% better)
  PASS  outlier: G=16 beats tile-wide grouping — 0.09259 < 0.13109 (29% better)
  PASS  W4 costs 10-30x the INT8 baseline on projection error — best 11.1x, worst 23.5x
  PASS  gaussian: (A) tracks the intrinsic-INT4 reference within 20% — got 0.11542 vs intrinsic 0.11531 (+0%)
  PASS  uniform: (A) tracks the intrinsic-INT4 reference within 20% — got 0.06541 vs intrinsic 0.07755 (-16%)
  PASS  outlier: (A) tracks the intrinsic-INT4 reference within 20% — got 0.13109 vs intrinsic 0.13108 (+0%)
  PASS  measured errors match the pinned 21-value register

========================================================================
APEX W4 WEIGHT CODEC: ALL CHECKS PASS (bit-exact vs cq_codec primitives; realization measured)
