INGESTMON armed (SIM-measured counters; behavioral twin — no silicon claim)
DDRLOAD [L00_Wq] base=0x0 words=12544 tag=0 ok
DDRLOAD [L00_Wk] base=0xc4000 words=1792 tag=1 ok
DDRLOAD [L00_Wv] base=0xe0000 words=1792 tag=2 ok
DDRLOAD [L00_Wo] base=0xfc000 words=12544 tag=3 ok
DDRLOAD [L00_Wg] base=0x1c0000 words=68096 tag=4 ok
DDRLOAD [L00_Wu] base=0x5e8000 words=68096 tag=5 ok
DDRLOAD [L00_Wd] base=0xa10000 words=68096 tag=6 ok
DDRLOAD [L00_g1] base=0xe38000 words=28 tag=7 ok
DDRLOAD [L00_g2] base=0xe39000 words=28 tag=8 ok
DDRLOAD [L00_phase] base=0xe3a000 words=128 tag=9 ok
DDRLOAD [L01_Wq] base=0xe3c000 words=12544 tag=0 ok
DDRLOAD [L01_Wk] base=0xf00000 words=1792 tag=1 ok
DDRLOAD [L01_Wv] base=0xf1c000 words=1792 tag=2 ok
DDRLOAD [L01_Wo] base=0xf38000 words=12544 tag=3 ok
DDRLOAD [L01_Wg] base=0xffc000 words=68096 tag=4 ok
DDRLOAD [L01_Wu] base=0x1424000 words=68096 tag=5 ok
DDRLOAD [L01_Wd] base=0x184c000 words=68096 tag=6 ok
DDRLOAD [L01_g1] base=0x1c74000 words=28 tag=7 ok
DDRLOAD [L01_g2] base=0x1c75000 words=28 tag=8 ok
DDRLOAD [L01_phase] base=0x1c76000 words=128 tag=9 ok
DDRLOAD RESULT: regions=20 words=466288 rb_fails=0 sha_fails=0 -> PASS
CYCMARK CYCMARK E6R-PREGO cyc=1627882
INGESTMON SNAP CYCMARK_E6R-PREGO cyc=1627882 busy=0 arhs=0 arwords=0 rbeats=0 pushes=0 stallfull=0 pops=0 tedges=406971 occ=0 occmax=0 occsum=0 recs=0 recgapsum=0 recgapmax=0 recgapn=0 burstgapsum=0 burstgapn=0 reqtglsum=0 reqtgln=0 wfhs=0 hist=1627882,0,0,0,0,0,0,0,0,0
INGESTMON REC n=1 cyc=2602535 arwords=12544 pushes=100352
INGESTMON REC n=2 cyc=2742467 arwords=14336 pushes=114688
INGESTMON REC n=3 cyc=2882399 arwords=16128 pushes=129024
INGESTMON REC n=4 cyc=3861807 arwords=28672 pushes=229376
CYCMARK CYCMARK E6R-WALKDONE cyc=3866670
INGESTMON SNAP CYCMARK_E6R-WALKDONE cyc=3866670 busy=2219564 arhs=448 arwords=28672 rbeats=28672 pushes=229376 stallfull=1990000 pops=229376 tedges=966668 occ=0 occmax=512 occsum=1139868932 recs=4 recgapsum=14309 recgapmax=4799 recgapn=3 burstgapsum=444 burstgapn=444 reqtglsum=14300 reqtgln=3 wfhs=4 hist=1628802,2600,2560,2560,2560,2560,2560,2560,684480,1535428
[build/walk_ingest_f1/walk_qkv_oproj.regops.jsonl] 12319 ops, 50 checks, 0 fails (cyc 3899586)
INGESTMON SNAP FILE_END cyc=3899586 busy=2219564 arhs=448 arwords=28672 rbeats=28672 pushes=229376 stallfull=1990000 pops=229376 tedges=974897 occ=0 occmax=512 occsum=1139868932 recs=4 recgapsum=14309 recgapmax=4799 recgapn=3 burstgapsum=444 burstgapn=444 reqtglsum=14300 reqtgln=3 wfhs=4 hist=1661718,2600,2560,2560,2560,2560,2560,2560,684480,1535428
FUELAUDIT [build/walk_ingest_f1/walk_qkv_oproj.regops.jsonl] err=00000000 stat=00000309 -> ok
F2SIM RESULT: files=1 checks=50 fails=0 -> PASS
F2SIM CAPTURES: n=2192 out=/var/folders/x_/n71p21251_j9swbgtp98gqpm0000gn/T/apex_cap_spp1a7_e.jsonl
